[0m11:22:33.978166 [debug] [MainThread]: Sending event: {'category': 'dbt', 'action': 'invocation', 'label': 'start', 'context': [<snowplow_tracker.self_describing_json.SelfDescribingJson object at 0x00000200DB330C20>, <snowplow_tracker.self_describing_json.SelfDescribingJson object at 0x00000200DD447D90>, <snowplow_tracker.self_describing_json.SelfDescribingJson object at 0x00000200DD4479D0>]}


============================== 11:22:33.984923 | 67a75097-fb36-4382-8a85-57e63c7ec420 ==============================
[0m11:22:33.984923 [info ] [MainThread]: Running with dbt=1.11.7
[0m11:22:33.985709 [debug] [MainThread]: running dbt with arguments {'static_parser': 'True', 'no_print': 'None', 'version_check': 'True', 'warn_error_options': 'WarnErrorOptionsV2(error=[], warn=[], silence=[])', 'target_path': 'None', 'printer_width': '80', 'write_json': 'True', 'empty': 'None', 'log_cache_events': 'False', 'introspect': 'True', 'cache_selected_only': 'False', 'fail_fast': 'False', 'debug': 'False', 'log_format': 'default', 'partial_parse': 'True', 'send_anonymous_usage_stats': 'True', 'quiet': 'False', 'warn_error': 'None', 'profiles_dir': 'C:\\Users\\aryrajpu\\.dbt', 'indirect_selection': 'eager', 'invocation_command': 'dbt debug', 'use_colors': 'True', 'use_experimental_parser': 'False', 'log_path': 'logs'}
[0m11:22:34.020207 [info ] [MainThread]: dbt version: 1.11.7
[0m11:22:34.020855 [info ] [MainThread]: python version: 3.13.2
[0m11:22:34.021352 [info ] [MainThread]: python path: C:\Program Files\Python313\python.exe
[0m11:22:34.021867 [info ] [MainThread]: os info: Windows-11-10.0.26100-SP0
[0m11:22:34.695793 [debug] [MainThread]: Snowflake adapter: Setting snowflake.connector to ERROR (file logging only)
[0m11:22:34.696322 [debug] [MainThread]: Snowflake adapter: Setting botocore to ERROR (file logging only)
[0m11:22:34.696745 [debug] [MainThread]: Snowflake adapter: Setting boto3 to ERROR (file logging only)
[0m11:22:34.770706 [info ] [MainThread]: Using profiles dir at C:\Users\aryrajpu\.dbt
[0m11:22:34.771331 [info ] [MainThread]: Using profiles.yml file at C:\Users\aryrajpu\.dbt\profiles.yml
[0m11:22:34.771779 [info ] [MainThread]: Using dbt_project.yml file at C:\Users\aryrajpu\Desktop\All_Folders\vs_py\cc_fraud_pipeline\dbt_project.yml
[0m11:22:34.772855 [info ] [MainThread]: adapter type: snowflake
[0m11:22:34.773250 [info ] [MainThread]: adapter version: 1.11.3
[0m11:22:34.773660 [info ] [MainThread]: Configuration:
[0m11:22:34.774073 [info ] [MainThread]:   profiles.yml file [[32mOK found and valid[0m]
[0m11:22:34.774472 [info ] [MainThread]:   dbt_project.yml file [[31mERROR not found[0m]
[0m11:22:34.774873 [info ] [MainThread]: Required dependencies:
[0m11:22:34.775358 [debug] [MainThread]: Executing "git --help"
[0m11:22:34.948466 [debug] [MainThread]: STDOUT: "b"usage: git [-v | --version] [-h | --help] [-C <path>] [-c <name>=<value>]\n           [--exec-path[=<path>]] [--html-path] [--man-path] [--info-path]\n           [-p | --paginate | -P | --no-pager] [--no-replace-objects] [--no-lazy-fetch]\n           [--no-optional-locks] [--no-advice] [--bare] [--git-dir=<path>]\n           [--work-tree=<path>] [--namespace=<name>] [--config-env=<name>=<envvar>]\n           <command> [<args>]\n\nThese are common Git commands used in various situations:\n\nstart a working area (see also: git help tutorial)\n   clone      Clone a repository into a new directory\n   init       Create an empty Git repository or reinitialize an existing one\n\nwork on the current change (see also: git help everyday)\n   add        Add file contents to the index\n   mv         Move or rename a file, a directory, or a symlink\n   restore    Restore working tree files\n   rm         Remove files from the working tree and from the index\n\nexamine the history and state (see also: git help revisions)\n   bisect     Use binary search to find the commit that introduced a bug\n   diff       Show changes between commits, commit and working tree, etc\n   grep       Print lines matching a pattern\n   log        Show commit logs\n   show       Show various types of objects\n   status     Show the working tree status\n\ngrow, mark and tweak your common history\n   backfill   Download missing objects in a partial clone\n   branch     List, create, or delete branches\n   commit     Record changes to the repository\n   merge      Join two or more development histories together\n   rebase     Reapply commits on top of another base tip\n   reset      Reset current HEAD to the specified state\n   switch     Switch branches\n   tag        Create, list, delete or verify tags\n\ncollaborate (see also: git help workflows)\n   fetch      Download objects and refs from another repository\n   pull       Fetch from and integrate with another repository or a local branch\n   push       Update remote refs along with associated objects\n\n'git help -a' and 'git help -g' list available subcommands and some\nconcept guides. See 'git help <command>' or 'git help <concept>'\nto read about a specific subcommand or concept.\nSee 'git help git' for an overview of the system.\n""
[0m11:22:34.949139 [debug] [MainThread]: STDERR: "b''"
[0m11:22:34.950446 [info ] [MainThread]:  - git [[32mOK found[0m]

[0m11:22:34.951882 [info ] [MainThread]: Connection:
[0m11:22:34.952686 [info ] [MainThread]:   account: XQOIZEG-KJ47529
[0m11:22:34.953226 [info ] [MainThread]:   user: ARYAN22RAJPUT
[0m11:22:34.953862 [info ] [MainThread]:   database: CC_FRAUD_SILVER
[0m11:22:34.954462 [info ] [MainThread]:   warehouse: CC_FRAUD_WH
[0m11:22:34.955351 [info ] [MainThread]:   role: DBT_ROLE
[0m11:22:34.956557 [info ] [MainThread]:   schema: STAGING
[0m11:22:34.957645 [info ] [MainThread]:   authenticator: None
[0m11:22:34.958579 [info ] [MainThread]:   oauth_client_id: None
[0m11:22:34.959143 [info ] [MainThread]:   query_tag: None
[0m11:22:34.959835 [info ] [MainThread]:   client_session_keep_alive: False
[0m11:22:34.960524 [info ] [MainThread]:   host: None
[0m11:22:34.961090 [info ] [MainThread]:   port: None
[0m11:22:34.961606 [info ] [MainThread]:   proxy_host: None
[0m11:22:34.962099 [info ] [MainThread]:   proxy_port: None
[0m11:22:34.962737 [info ] [MainThread]:   protocol: None
[0m11:22:34.963442 [info ] [MainThread]:   connect_retries: 1
[0m11:22:34.964031 [info ] [MainThread]:   connect_timeout: None
[0m11:22:34.964583 [info ] [MainThread]:   retry_on_database_errors: False
[0m11:22:34.965042 [info ] [MainThread]:   retry_all: False
[0m11:22:34.965482 [info ] [MainThread]:   insecure_mode: False
[0m11:22:34.965918 [info ] [MainThread]:   reuse_connections: True
[0m11:22:34.966508 [info ] [MainThread]:   s3_stage_vpce_dns_name: None
[0m11:22:34.967072 [info ] [MainThread]:   platform_detection_timeout_seconds: 0.0
[0m11:22:34.968147 [info ] [MainThread]: Registered adapter: snowflake=1.11.3
[0m11:22:35.877339 [debug] [MainThread]: Acquiring new snowflake connection 'debug'
[0m11:22:36.155772 [debug] [MainThread]: Using snowflake connection "debug"
[0m11:22:36.156288 [debug] [MainThread]: On debug: select 1 as id
[0m11:22:36.156670 [debug] [MainThread]: Opening a new connection, currently in state init
[0m11:22:40.652979 [debug] [MainThread]: SQL status: SUCCESS 1 in 4.496 seconds
[0m11:22:40.654782 [info ] [MainThread]:   Connection test: [[32mOK connection ok[0m]

[0m11:22:40.655837 [info ] [MainThread]: [31m1 check failed:[0m
[0m11:22:40.656744 [info ] [MainThread]: Project loading failed for the following reason:
 project path <C:\Users\aryrajpu\Desktop\All_Folders\vs_py\cc_fraud_pipeline\dbt_project.yml> not found

[0m11:22:40.658316 [debug] [MainThread]: Command `dbt debug` failed at 11:22:40.658115 after 6.86 seconds
[0m11:22:40.659009 [debug] [MainThread]: Connection 'debug' was left open.
[0m11:22:40.659672 [debug] [MainThread]: On debug: Close
[0m11:22:42.717795 [debug] [MainThread]: Sending event: {'category': 'dbt', 'action': 'invocation', 'label': 'end', 'context': [<snowplow_tracker.self_describing_json.SelfDescribingJson object at 0x00000200DE9A0770>, <snowplow_tracker.self_describing_json.SelfDescribingJson object at 0x00000200DE6529F0>, <snowplow_tracker.self_describing_json.SelfDescribingJson object at 0x00000200DE51BDF0>]}
[0m11:22:42.720108 [debug] [MainThread]: Flushing usage events
[0m11:22:44.968629 [debug] [MainThread]: An error was encountered while trying to flush usage events
{"data":{"log_version":3,"version":"=2.0.0-preview.154"},"info":{"category":"","code":"A001","extra":{},"invocation_id":"019e46fe-52d3-73d2-a55b-a8a71f45eaa0","level":"info","msg":"Running with dbt-fusion=2.0.0-preview.154","name":"MainReportVersion","pid":24376,"thread":"tokio-runtime-worker","ts":"2026-05-20T20:05:33.030757Z"}}
{"data":{"args":{"debug":"false","invocation_command":"C:\\Users\\aryrajpu\\.local\\bin\\dbt.exe license info --json --log-format json","log_format":"json","quiet":"false","write_json":"true"}},"info":{"category":"","code":"A002","extra":{},"invocation_id":"019e46fe-52d3-73d2-a55b-a8a71f45eaa0","level":"debug","msg":"running dbt-fusion with argumets {\"command\":\"license\",\"vars\":\"{}\",\"limit\":\"10\",\"debug\":false,\"log_format\":\"json\",\"quiet\":false,\"write_json\":true,\"write_catalog\":false}","name":"MainReportArgs","pid":24376,"thread":"tokio-runtime-worker","ts":"2026-05-20T20:05:33.030801Z"}}
{"data":{},"info":{"category":"","code":"","extra":{},"invocation_id":"019e46fe-52d3-73d2-a55b-a8a71f45eaa0","level":"debug","msg":"No active cloud project configured, skipping remote license","name":"Generic","pid":24376,"thread":"tokio-runtime-worker","ts":"2026-05-20T20:05:33.055715Z"}}
{"data":{"columns":[],"is_inline":true,"node_name":"license_info","output_format":"json","preview":"{\n  \"status\": \"not_found\",\n  \"licensing_enabled\": true\n}","unique_id":"license.info"},"info":{"category":"","code":"Q041","extra":{},"invocation_id":"019e46fe-52d3-73d2-a55b-a8a71f45eaa0","level":"info","msg":"{\n  \"status\": \"not_found\",\n  \"licensing_enabled\": true\n}","name":"ShowNode","pid":24376,"thread":"tokio-runtime-worker","ts":"2026-05-20T20:05:33.057264Z"}}
{"data":{"completed_at":"2026-05-20T20:05:33.738480Z","elapsed":0.7080835700035095,"success":true},"info":{"category":"","code":"Q039","extra":{},"invocation_id":"019e46fe-52d3-73d2-a55b-a8a71f45eaa0","level":"info","msg":"\n==================== Execution Summary =====================\nFinished 'license' successfully [708ms]","name":"CommandCompleted","pid":24376,"thread":"tokio-runtime-worker","ts":"2026-05-20T20:05:33.738737Z"}}
